timeout : 错误: 无效语法。默认选项不允许超过 '1' 次。
所在位置 行:1 字符: 1
+ timeout 120 .\.venv\Scripts\python.exe -m pytest tests/ -q 2>&1 | tee ...
+ ~~~~~~~~~~~~~~~~~~~~~~~~~~~~~~~~~~~~~~~~~~~~~~~~~~~~~~~~~~~~~~~
    + CategoryInfo          : NotSpecified: (错误: 无效语法。默认选项不允许超过 '1' 次。:String) [], 
    RemoteException
    + FullyQualifiedErrorId : NativeCommandError
 
键入 "TIMEOUT /?" 以了解用法。
