============================= test session starts =============================
platform win32 -- Python 3.12.13, pytest-9.0.2, pluggy-1.6.0 -- D:\MultiMode\deerflow\deer-flow\backend\.venv\Scripts\python.exe
cachedir: .pytest_cache
rootdir: D:\MultiMode\deerflow\deer-flow\backend
configfile: pytest.ini
plugins: anyio-4.12.1, langsmith-0.6.4, asyncio-1.3.0
asyncio: mode=Mode.AUTO, debug=False, asyncio_default_fixture_loop_scope=None, asyncio_default_test_loop_scope=function
collecting ... collected 1 item

tests/test_dashboard_integration.py::test_admin_dashboard_endpoint PASSED [100%]

============================== warnings summary ===============================
app\models\database_optimization.py:123
  D:\MultiMode\deerflow\deer-flow\backend\app\models\database_optimization.py:123: PydanticDeprecatedSince20: Pydantic V1 style `@validator` validators are deprecated. You should migrate to Pydantic V2 style `@field_validator` validators, see the migration guide for more details. Deprecated in Pydantic V2.0 to be removed in V3.0. See Pydantic V2 Migration Guide at https://errors.pydantic.dev/2.12/migration/
    @validator('index_name')

app\models\database_optimization.py:213
  D:\MultiMode\deerflow\deer-flow\backend\app\models\database_optimization.py:213: UserWarning: Field name "schema" in "TableInfo" shadows an attribute in parent "BaseModel"
    class TableInfo(BaseModel):

tests/test_dashboard_integration.py::test_admin_dashboard_endpoint
  D:\MultiMode\deerflow\deer-flow\backend\app\gateway\security\audit.py:59: PydanticDeprecatedSince20: The `json` method is deprecated; use `model_dump_json` instead. Deprecated in Pydantic V2.0 to be removed in V3.0. See Pydantic V2 Migration Guide at https://errors.pydantic.dev/2.12/migration/
    self.logger.info(event.json())

-- Docs: https://docs.pytest.org/en/stable/how-to/capture-warnings.html
======================== 1 passed, 3 warnings in 3.45s ========================
